// Jest Snapshot v1, https://goo.gl/fbAQLP

exports[`button render with snapshot 1`] = `
<DocumentFragment>
  <button
    style="background-color: red;"
    type="submit"
  >
    click
  </button>
</DocumentFragment>
`;
